###############################################################################
#
# IAR ELF Linker V7.30.3.8024/W32 for ARM                 25/Aug/2015  10:39:44
# Copyright 2007-2014 IAR Systems AB.
#
#    Output file  =  
#        E:\able\中控11.23\bp\EvalBoards\NXP\MCB2300\IAR\LSZHV20\Release\Exe\LSZH_V20_FLASH.out.tmp
#    Map file     =  
#        E:\able\中控11.23\bp\EvalBoards\NXP\MCB2300\IAR\LSZHV20\Release\List\LSZH_V20_FLASH.map
#    Command line =  
#        E:\able\中控11.23\bp\EvalBoards\NXP\MCB2300\IAR\LSZHV20\Release\Obj\18B20.o
#        E:\able\中控11.23\bp\EvalBoards\NXP\MCB2300\IAR\LSZHV20\Release\Obj\ARP.o
#        E:\able\中控11.23\bp\EvalBoards\NXP\MCB2300\IAR\LSZHV20\Release\Obj\CD22M3494.o
#        E:\able\中控11.23\bp\EvalBoards\NXP\MCB2300\IAR\LSZHV20\Release\Obj\cpu_a.o
#        E:\able\中控11.23\bp\EvalBoards\NXP\MCB2300\IAR\LSZHV20\Release\Obj\cstartup.o
#        E:\able\中控11.23\bp\EvalBoards\NXP\MCB2300\IAR\LSZHV20\Release\Obj\dma.o
#        E:\able\中控11.23\bp\EvalBoards\NXP\MCB2300\IAR\LSZHV20\Release\Obj\Ethernet.o
#        E:\able\中控11.23\bp\EvalBoards\NXP\MCB2300\IAR\LSZHV20\Release\Obj\Hardware_int.o
#        E:\able\中控11.23\bp\EvalBoards\NXP\MCB2300\IAR\LSZHV20\Release\Obj\hw.o
#        E:\able\中控11.23\bp\EvalBoards\NXP\MCB2300\IAR\LSZHV20\Release\Obj\I2C0INT.o
#        E:\able\中控11.23\bp\EvalBoards\NXP\MCB2300\IAR\LSZHV20\Release\Obj\I2C1INT.o
#        E:\able\中控11.23\bp\EvalBoards\NXP\MCB2300\IAR\LSZHV20\Release\Obj\i2s.o
#        E:\able\中控11.23\bp\EvalBoards\NXP\MCB2300\IAR\LSZHV20\Release\Obj\ICMP.o
#        E:\able\中控11.23\bp\EvalBoards\NXP\MCB2300\IAR\LSZHV20\Release\Obj\io.o
#        E:\able\中控11.23\bp\EvalBoards\NXP\MCB2300\IAR\LSZHV20\Release\Obj\IP.o
#        E:\able\中控11.23\bp\EvalBoards\NXP\MCB2300\IAR\LSZHV20\Release\Obj\lib_mem.o
#        E:\able\中控11.23\bp\EvalBoards\NXP\MCB2300\IAR\LSZHV20\Release\Obj\lib_str.o
#        E:\able\中控11.23\bp\EvalBoards\NXP\MCB2300\IAR\LSZHV20\Release\Obj\LP2368_FLASH.o
#        E:\able\中控11.23\bp\EvalBoards\NXP\MCB2300\IAR\LSZHV20\Release\Obj\main.o
#        E:\able\中控11.23\bp\EvalBoards\NXP\MCB2300\IAR\LSZHV20\Release\Obj\os_api.o
#        E:\able\中控11.23\bp\EvalBoards\NXP\MCB2300\IAR\LSZHV20\Release\Obj\os_core.o
#        E:\able\中控11.23\bp\EvalBoards\NXP\MCB2300\IAR\LSZHV20\Release\Obj\os_cpu_a.o
#        E:\able\中控11.23\bp\EvalBoards\NXP\MCB2300\IAR\LSZHV20\Release\Obj\os_cpu_c.o
#        E:\able\中控11.23\bp\EvalBoards\NXP\MCB2300\IAR\LSZHV20\Release\Obj\os_dbg.o
#        E:\able\中控11.23\bp\EvalBoards\NXP\MCB2300\IAR\LSZHV20\Release\Obj\os_dcc.o
#        E:\able\中控11.23\bp\EvalBoards\NXP\MCB2300\IAR\LSZHV20\Release\Obj\os_flag.o
#        E:\able\中控11.23\bp\EvalBoards\NXP\MCB2300\IAR\LSZHV20\Release\Obj\os_mbox.o
#        E:\able\中控11.23\bp\EvalBoards\NXP\MCB2300\IAR\LSZHV20\Release\Obj\os_mem.o
#        E:\able\中控11.23\bp\EvalBoards\NXP\MCB2300\IAR\LSZHV20\Release\Obj\os_mutex.o
#        E:\able\中控11.23\bp\EvalBoards\NXP\MCB2300\IAR\LSZHV20\Release\Obj\os_q.o
#        E:\able\中控11.23\bp\EvalBoards\NXP\MCB2300\IAR\LSZHV20\Release\Obj\os_sem.o
#        E:\able\中控11.23\bp\EvalBoards\NXP\MCB2300\IAR\LSZHV20\Release\Obj\os_task.o
#        E:\able\中控11.23\bp\EvalBoards\NXP\MCB2300\IAR\LSZHV20\Release\Obj\os_time.o
#        E:\able\中控11.23\bp\EvalBoards\NXP\MCB2300\IAR\LSZHV20\Release\Obj\os_tmr.o
#        E:\able\中控11.23\bp\EvalBoards\NXP\MCB2300\IAR\LSZHV20\Release\Obj\PelcoD.o
#        E:\able\中控11.23\bp\EvalBoards\NXP\MCB2300\IAR\LSZHV20\Release\Obj\PT2258.o
#        E:\able\中控11.23\bp\EvalBoards\NXP\MCB2300\IAR\LSZHV20\Release\Obj\RealTime.o
#        E:\able\中控11.23\bp\EvalBoards\NXP\MCB2300\IAR\LSZHV20\Release\Obj\SC16IS752.o
#        E:\able\中控11.23\bp\EvalBoards\NXP\MCB2300\IAR\LSZHV20\Release\Obj\target.o
#        E:\able\中控11.23\bp\EvalBoards\NXP\MCB2300\IAR\LSZHV20\Release\Obj\TMS320AIC23.o
#        E:\able\中控11.23\bp\EvalBoards\NXP\MCB2300\IAR\LSZHV20\Release\Obj\uart.o
#        E:\able\中控11.23\bp\EvalBoards\NXP\MCB2300\IAR\LSZHV20\Release\Obj\Udp.o
#        E:\able\中控11.23\bp\EvalBoards\NXP\MCB2300\IAR\LSZHV20\Release\Obj\Use_key.o
#        E:\able\中控11.23\bp\EvalBoards\NXP\MCB2300\IAR\LSZHV20\Release\Obj\Use_Sound.o
#        E:\able\中控11.23\bp\EvalBoards\NXP\MCB2300\IAR\LSZHV20\Release\Obj\user_debug.o
#        E:\able\中控11.23\bp\EvalBoards\NXP\MCB2300\IAR\LSZHV20\Release\Obj\User_DW.o
#        E:\able\中控11.23\bp\EvalBoards\NXP\MCB2300\IAR\LSZHV20\Release\Obj\user_mem.o
#        E:\able\中控11.23\bp\EvalBoards\NXP\MCB2300\IAR\LSZHV20\Release\Obj\User_on_msg.o
#        E:\able\中控11.23\bp\EvalBoards\NXP\MCB2300\IAR\LSZHV20\Release\Obj\User_option.o
#        E:\able\中控11.23\bp\EvalBoards\NXP\MCB2300\IAR\LSZHV20\Release\Obj\User_power.o
#        E:\able\中控11.23\bp\EvalBoards\NXP\MCB2300\IAR\LSZHV20\Release\Obj\User_Run.o
#        E:\able\中控11.23\bp\EvalBoards\NXP\MCB2300\IAR\LSZHV20\Release\Obj\User_table.o
#        E:\able\中控11.23\bp\EvalBoards\NXP\MCB2300\IAR\LSZHV20\Release\Obj\User_TB.o
#        E:\able\中控11.23\bp\EvalBoards\NXP\MCB2300\IAR\LSZHV20\Release\Obj\User_udp.o
#        E:\able\中控11.23\bp\EvalBoards\NXP\MCB2300\IAR\LSZHV20\Release\Obj\User_XCOM.o
#        --redirect _Printf=_PrintfFull --redirect _Scanf=_ScanfFull -o
#        E:\able\中控11.23\bp\EvalBoards\NXP\MCB2300\IAR\LSZHV20\Release\Exe\LSZH_V20_FLASH.out.tmp
#        --map
#        E:\able\中控11.23\bp\EvalBoards\NXP\MCB2300\IAR\LSZHV20\Release\List\LSZH_V20_FLASH.map
#        --log initialization,modules,sections,veneers --log_file
#        E:\able\中控11.23\bp\EvalBoards\NXP\MCB2300\IAR\LSZHV20\Release\List\LSZH_V20_FLASH.log
#        --config
#        E:\able\中控11.23\bp\EvalBoards\NXP\MCB2300\IAR\LSZHV20\..\BSP\LSZH_V20_Relase.icf
#        --entry __iar_program_start --inline --vfe
#
###############################################################################

*******************************************************************************
*** RUNTIME MODEL ATTRIBUTES
***

CppFlavor       = *
__SystemLibrary = DLib


*******************************************************************************
*** PLACEMENT SUMMARY
***

"A1":  place at 0x00010000 { ro section .intvec };
"P1":  place in [from 0x00010044 to 0x0007ffff] { ro };
"P2":  place in [from 0x40000040 to 0x40007fff] {
          rw, block CSTACK, block SVC_STACK, block IRQ_STACK, block FIQ_STACK,
          block UND_STACK, block ABT_STACK, block HEAP };

  Section            Kind        Address     Size  Object
  -------            ----        -------     ----  ------
"A1":                                        0x40
  .intvec            ro code  0x00010000     0x40  cstartup.o [1]
                            - 0x00010040     0x40

"P1":                                     0x1aa5b
  .text              ro code  0x00010044   0x4034  User_on_msg.o [1]
  .text              ro code  0x00014078    0x660  PT2258.o [1]
  .text              ro code  0x000146d8   0x2490  Use_key.o [1]
  .text              ro code  0x00016b68    0x158  lib_mem.o [1]
  .text              ro code  0x00016cc0    0x10c  LP2368_FLASH.o [1]
  .text              ro code  0x00016dcc     0xd4  ABImemcpy.o [5]
  .text              ro code  0x00016ea0   0x1b9c  User_option.o [1]
  .text              ro code  0x00018a3c    0x710  user_debug.o [1]
  .text              ro code  0x0001914c   0x1200  User_power.o [1]
  .text              ro code  0x0001a34c    0x748  io.o [1]
  .text              ro code  0x0001aa94    0x734  ARP.o [1]
  .text              ro code  0x0001b1c8    0x94c  User_udp.o [1]
  .text              ro code  0x0001bb14    0x82c  User_table.o [1]
  .text              ro code  0x0001c340     0x48  ABImemset48.o [5]
  .text              ro code  0x0001c388    0x450  Use_Sound.o [1]
  .text              ro code  0x0001c7d8    0x140  TMS320AIC23.o [1]
  .text              ro code  0x0001c918    0x98c  PelcoD.o [1]
  .text              ro code  0x0001d2a4   0x17a4  User_XCOM.o [1]
  .text              ro code  0x0001ea48    0x104  os_time.o [1]
  .text              ro code  0x0001eb4c    0x9e8  User_Run.o [1]
  .text              ro code  0x0001f534    0x170  user_mem.o [1]
  .text              ro code  0x0001f6a4     0x7c  ABImemset.o [5]
  CODE               ro code  0x0001f720    0x2dc  os_cpu_a.o [1]
  .text              ro code  0x0001f9fc    0x2fc  RealTime.o [1]
  .text              ro code  0x0001fcf8    0x1e4  hw.o [1]
  .text              ro code  0x0001fedc    0x8c8  CD22M3494.o [1]
  .text              ro code  0x000207a4    0x1d8  User_TB.o [1]
  .text              ro code  0x0002097c      0x8  ABImemclr4.o [5]
  .text              ro code  0x00020984    0x5c4  I2C1INT.o [1]
  .text              ro code  0x00020f48    0x6f8  target.o [1]
  .text              ro code  0x00021640    0x5d8  SC16IS752.o [1]
  .text              ro code  0x00021c18    0x354  18B20.o [1]
  .text              ro code  0x00021f6c    0x374  os_q.o [1]
  .text              ro code  0x000222e0     0x6c  strcpy.o [5]
  .text              ro code  0x0002234c    0x104  lib_str.o [1]
  .text              ro code  0x00022450    0x5dc  User_DW.o [1]
  .text              ro code  0x00022a2c    0x310  Udp.o [1]
  .text              ro code  0x00022d3c     0x4c  vsprintf.o [3]
  .text              ro code  0x00022d88     0x54  strlen.o [5]
  .text              ro code  0x00022ddc    0x1d4  I32DivMod.o [5]
  .text              ro code  0x00022fb0     0xdc  Ethernet.o [1]
  .text              ro code  0x0002308c    0x244  os_sem.o [1]
  .text              ro code  0x000232d0   0x12a0  uart.o [1]
  .text              ro code  0x00024570    0xaa4  os_core.o [1]
  .text              ro code  0x00025014    0x1c8  os_mem.o [1]
  .text              ro code  0x000251dc    0x414  I2C0INT.o [1]
  CODE               ro code  0x000255f0     0x28  cpu_a.o [1]
  .text              ro code  0x00025618     0x60  S32ToDbl.o [4]
  .text              ro code  0x00025678    0x1f8  DblMul.o [4]
  .text              ro code  0x00025870     0xac  DblToFlt.o [4]
  .text              ro code  0x0002591c    0x148  FltMul.o [4]
  .text              ro code  0x00025a64     0x64  FltToDbl.o [4]
  .text              ro code  0x00025ac8    0x140  DblAdd.o [4]
  .text              ro code  0x00025c08     0x60  DblToS32.o [4]
  .text              ro code  0x00025c68    0x5cc  Hardware_int.o [1]
  .text              ro code  0x00026234    0x37c  IP.o [1]
  .text              ro code  0x000265b0   0x16d6  xprintffull.o [3]
  .text              ro code  0x00027c86     0x2a  zero_init3.o [5]
  .text              ro code  0x00027cb0      0x4  IntDivZer.o [5]
  .text              ro code  0x00027cb4     0x7c  os_flag.o [1]
  .text              ro code  0x00027d30      0x4  os_dbg.o [1]
  .text              ro code  0x00027d34    0x294  os_task.o [1]
  .text              ro code  0x00027fc8    0x1f0  DblSub.o [4]
  .text              ro code  0x000281b8    0x28c  ICMP.o [1]
  .text              ro code  0x00028444     0x20  strchr.o [5]
  .text              ro code  0x00028464     0x94  memchr.o [5]
  .text              ro code  0x000284f8     0xd4  I64DivMod.o [5]
  .text              ro code  0x000285cc     0x7c  xdnorm.o [4]
  .text              ro code  0x00028648     0x38  DblCmpLe.o [4]
  .text              ro code  0x00028680     0x38  DblCmpGe.o [4]
  .text              ro code  0x000286b8    0x1e0  xdscale.o [4]
  .text              ro code  0x00028898    0x338  DblDiv.o [4]
  .text              ro code  0x00028bd0     0x3c  DblToU32.o [4]
  .text              ro code  0x00028c0c     0x10  U32ToDbl.o [4]
  .text              ro code  0x00028c1c     0x38  div.o [3]
  .text              ro code  0x00028c54     0xcc  os_cpu_c.o [1]
  .text              ro code  0x00028d20      0x4  I64DivZer.o [5]
  .rodata            const    0x00028d24    0x73c  User_on_msg.o [1]
  .text              ro code  0x00029460    0x5e4  main.o [1]
  .rodata            const    0x00029a44    0x500  Use_key.o [1]
  .rodata            const    0x00029f44    0x288  User_Run.o [1]
  .rodata            const    0x0002a1cc    0x184  User_power.o [1]
  .rodata            const    0x0002a350    0x15c  User_option.o [1]
  .text              ro code  0x0002a4ac     0xde  packbits_init.o [5]
  .rodata            const    0x0002a58a      0x2  os_dbg.o [1]
  Veneer             ro code  0x0002a58c      0x4  - Linker created -
  .text              ro code  0x0002a590      0x8  abort.o [3]
  .text              ro code  0x0002a598     0x14  XXexit.o [5]
  .rodata            const    0x0002a5ac     0xd0  User_XCOM.o [1]
  .rodata            const    0x0002a67c     0x98  User_DW.o [1]
  text               ro code  0x0002a714     0x88  cstartup.o [1]
  .rodata            const    0x0002a79c     0x5c  ARP.o [1]
  .rodata            const    0x0002a7f8     0x4c  Use_Sound.o [1]
  .rodata            const    0x0002a844     0x34  main.o [1]
  .text              ro code  0x0002a878     0x32  data_init.o [5]
  .rodata            const    0x0002a8aa      0x2  os_dbg.o [1]
  .rodata            const    0x0002a8ac     0x30  User_table.o [1]
  Veneer             ro code  0x0002a8dc      0xc  - Linker created -
  .text              ro code  0x0002a8e8     0x2c  cmain.o [5]
  .text              ro code  0x0002a914      0x4  exit.o [3]
  .text              ro code  0x0002a918     0x10  cexit.o [5]
  .rodata            const    0x0002a928     0x28  CD22M3494.o [1]
  .iar.init_table    const    0x0002a950     0x2c  - Linker created -
  .rodata            const    0x0002a97c     0x20  os_core.o [1]
  .rodata            const    0x0002a99c     0x20  uart.o [1]
  .rodata            const    0x0002a9bc     0x1c  user_debug.o [1]
  .text              ro code  0x0002a9d8     0x14  xsprout.o [3]
  .rodata            const    0x0002a9ec     0x10  User_TB.o [1]
  .rodata            const    0x0002a9fc      0x4  os_dbg.o [1]
  .rodata            const    0x0002aa00      0x4  User_udp.o [1]
  .rodata            const    0x0002aa04      0x2  os_dbg.o [1]
  .rodata            const    0x0002aa06      0x2  os_dbg.o [1]
  .rodata            const    0x0002aa08      0x2  os_dbg.o [1]
  .rodata            const    0x0002aa0a      0x2  os_dbg.o [1]
  .rodata            const    0x0002aa0c      0x2  os_dbg.o [1]
  .rodata            const    0x0002aa0e      0x2  os_dbg.o [1]
  .rodata            const    0x0002aa10      0x2  os_dbg.o [1]
  .rodata            const    0x0002aa12      0x2  os_dbg.o [1]
  .rodata            const    0x0002aa14      0x2  os_dbg.o [1]
  .rodata            const    0x0002aa16      0x2  os_dbg.o [1]
  .rodata            const    0x0002aa18      0x2  os_dbg.o [1]
  .rodata            const    0x0002aa1a      0x2  os_dbg.o [1]
  .rodata            const    0x0002aa1c      0x2  os_dbg.o [1]
  .rodata            const    0x0002aa1e      0x2  os_dbg.o [1]
  .rodata            const    0x0002aa20      0x2  os_dbg.o [1]
  .rodata            const    0x0002aa22      0x2  os_dbg.o [1]
  .rodata            const    0x0002aa24      0x2  os_dbg.o [1]
  .rodata            const    0x0002aa26      0x2  os_dbg.o [1]
  .rodata            const    0x0002aa28      0x2  os_dbg.o [1]
  .rodata            const    0x0002aa2a      0x2  os_dbg.o [1]
  .rodata            const    0x0002aa2c      0x2  os_dbg.o [1]
  .rodata            const    0x0002aa2e      0x2  os_dbg.o [1]
  .rodata            const    0x0002aa30      0x2  os_dbg.o [1]
  .rodata            const    0x0002aa32      0x2  os_dbg.o [1]
  .rodata            const    0x0002aa34      0x2  os_dbg.o [1]
  .rodata            const    0x0002aa36      0x2  os_dbg.o [1]
  .rodata            const    0x0002aa38      0x2  os_dbg.o [1]
  .rodata            const    0x0002aa3a      0x2  os_dbg.o [1]
  .rodata            const    0x0002aa3c      0x2  os_dbg.o [1]
  .rodata            const    0x0002aa3e      0x2  os_dbg.o [1]
  .rodata            const    0x0002aa40      0x2  os_dbg.o [1]
  .rodata            const    0x0002aa42      0x2  os_dbg.o [1]
  .rodata            const    0x0002aa44      0x2  os_dbg.o [1]
  .rodata            const    0x0002aa46      0x2  os_dbg.o [1]
  .rodata            const    0x0002aa48      0x2  os_dbg.o [1]
  .rodata            const    0x0002aa4a      0x2  os_dbg.o [1]
  .rodata            const    0x0002aa4c      0x2  os_dbg.o [1]
  .rodata            const    0x0002aa4e      0x2  os_dbg.o [1]
  .rodata            const    0x0002aa50      0x2  os_dbg.o [1]
  .rodata            const    0x0002aa52      0x2  os_dbg.o [1]
  .rodata            const    0x0002aa54      0x2  os_dbg.o [1]
  .rodata            const    0x0002aa56      0x2  os_dbg.o [1]
  .rodata            const    0x0002aa58      0x2  os_dbg.o [1]
  .rodata            const    0x0002aa5a      0x2  os_dbg.o [1]
  .rodata            const    0x0002aa5c      0x2  os_dbg.o [1]
  .rodata            const    0x0002aa5e      0x2  os_dbg.o [1]
  .rodata            const    0x0002aa60      0x2  os_dbg.o [1]
  .rodata            const    0x0002aa62      0x2  os_dbg.o [1]
  .rodata            const    0x0002aa64      0x2  os_dbg.o [1]
  .rodata            const    0x0002aa66      0x2  os_dbg.o [1]
  .rodata            const    0x0002aa68      0x2  os_dbg.o [1]
  .rodata            const    0x0002aa6a      0x0  zero_init3.o [5]
  .rodata            const    0x0002aa6a      0x0  packbits_init.o [5]
  Initializer bytes  ro data  0x0002aa6a     0x35  <for P2 s0>
                            - 0x0002aa9f  0x1aa5b

"P2":                                      0x6f28
  P2 s0                       0x40000040    0x3e4  <Init block>
    .data            inited   0x40000040    0x238  User_option.o [1]
    .data            inited   0x40000278    0x190  ARP.o [1]
    .data            inited   0x40000408      0x8  PT2258.o [1]
    .data            inited   0x40000410      0x8  User_option.o [1]
    .data            inited   0x40000418      0x8  User_option.o [1]
    .data            inited   0x40000420      0x4  user_debug.o [1]
  .bss               zero     0x40000424   0x2b78  user_mem.o [1]
  .bss               zero     0x40002f9c   0x1fe0  main.o [1]
  .bss               zero     0x40004f7c    0x52c  os_core.o [1]
  .bss               zero     0x400054a8    0x438  User_XCOM.o [1]
  .bss               zero     0x400058e0    0x3c4  os_core.o [1]
  .bss               zero     0x40005ca4    0x200  os_core.o [1]
  .bss               zero     0x40005ea4    0x200  os_core.o [1]
  .bss               zero     0x400060a4    0x114  RealTime.o [1]
  .bss               zero     0x400061b8    0x108  os_core.o [1]
  .bss               zero     0x400062c0     0xf4  User_option.o [1]
  .bss               zero     0x400063b4     0xdc  os_core.o [1]
  .bss               zero     0x40006490     0x8c  os_core.o [1]
  .bss               zero     0x4000651c     0x78  Use_Sound.o [1]
  .bss               zero     0x40006594     0x68  User_DW.o [1]
  .bss               zero     0x400065fc     0x48  CD22M3494.o [1]
  .bss               zero     0x40006644     0x44  LP2368_FLASH.o [1]
  .bss               zero     0x40006688     0x34  Use_key.o [1]
  .bss               zero     0x400066bc     0x20  hw.o [1]
  .bss               zero     0x400066dc     0x1c  Use_key.o [1]
  .bss               zero     0x400066f8     0x14  PelcoD.o [1]
  .bss               zero     0x4000670c     0x14  User_Run.o [1]
  .bss               zero     0x40006720     0x10  I2C0INT.o [1]
  .bss               zero     0x40006730     0x10  I2C1INT.o [1]
  .bss               zero     0x40006740      0xc  CD22M3494.o [1]
  .bss               zero     0x4000674c      0xc  io.o [1]
  .bss               zero     0x40006758      0xc  User_TB.o [1]
  .bss               zero     0x40006764      0x8  target.o [1]
  .bss               zero     0x4000676c      0x8  User_power.o [1]
  .bss               zero     0x40006774      0x8  User_XCOM.o [1]
  .bss               zero     0x4000677c      0x6  18B20.o [1]
  .bss               zero     0x40006782      0x2  Hardware_int.o [1]
  .bss               zero     0x40006784      0x4  18B20.o [1]
  .bss               zero     0x40006788      0x4  io.o [1]
  .bss               zero     0x4000678c      0x4  os_core.o [1]
  .bss               zero     0x40006790      0x4  os_core.o [1]
  .bss               zero     0x40006794      0x4  os_core.o [1]
  .bss               zero     0x40006798      0x4  target.o [1]
  .bss               zero     0x4000679c      0x4  user_debug.o [1]
  .bss               zero     0x400067a0      0x1  User_on_msg.o [1]
  .bss               zero     0x400067a1      0x1  User_on_msg.o [1]
  CSTACK                      0x400067a8    0x300  <Block>
    CSTACK           uninit   0x400067a8    0x300  <Block tail>
  SVC_STACK                   0x40006aa8     0x20  <Block>
    SVC_STACK        uninit   0x40006aa8     0x20  <Block tail>
  IRQ_STACK                   0x40006ac8    0x300  <Block>
    IRQ_STACK        uninit   0x40006ac8    0x300  <Block tail>
  FIQ_STACK                   0x40006dc8     0x10  <Block>
    FIQ_STACK        uninit   0x40006dc8     0x10  <Block tail>
  UND_STACK                   0x40006dd8     0x10  <Block>
    UND_STACK        uninit   0x40006dd8     0x10  <Block tail>
  ABT_STACK                   0x40006de8    0x180  <Block>
    ABT_STACK        uninit   0x40006de8    0x180  <Block tail>
                            - 0x40006f68   0x6f28


*******************************************************************************
*** INIT TABLE
***

          Address     Size
          -------     ----
Zero (__iar_zero_init3)
    1 destination range, total size 0x637e:
          0x40000424  0x637e

Copy/packbits (__iar_packbits_init3)
    1 source range, total size 0x35 (5% of destination):
          0x0002aa6a    0x35
    1 destination range, total size 0x3e4:
          0x40000040   0x3e4



*******************************************************************************
*** MODULE SUMMARY
***

    Module           ro code  ro data  rw data
    ------           -------  -------  -------
E:\able\中控11.23\bp\EvalBoards\NXP\MCB2300\IAR\LSZHV20\Release\Obj: [1]
    18B20.o              852                10
    ARP.o              1 844      113      400
    CD22M3494.o        2 248       40       84
    Ethernet.o           220
    Hardware_int.o     1 484                 2
    I2C0INT.o          1 044                16
    I2C1INT.o          1 476                16
    ICMP.o               652
    IP.o                 892
    LP2368_FLASH.o       268                68
    PT2258.o           1 632                 8
    PelcoD.o           2 444                20
    RealTime.o           764               276
    SC16IS752.o        1 496
    TMS320AIC23.o        320
    Udp.o                784
    Use_Sound.o        1 104       76      120
    Use_key.o          9 360    1 280       80
    User_DW.o          1 500      152      104
    User_Run.o         2 536      648       20
    User_TB.o            472       16       12
    User_XCOM.o        6 052      208    1 088
    User_on_msg.o     16 436    1 852        2
    User_option.o      7 068      379      828
    User_power.o       4 608      388        8
    User_table.o       2 092       48
    User_udp.o         2 380        4
    cpu_a.o               40
    cstartup.o           200
    hw.o                 484                32
    io.o               1 864                16
    lib_mem.o            344
    lib_str.o            260
    main.o             1 508       52    8 160
    os_core.o          2 724       32    3 948
    os_cpu_a.o           732
    os_cpu_c.o           204
    os_dbg.o               4      110
    os_flag.o            124
    os_mem.o             456
    os_q.o               884
    os_sem.o             580
    os_task.o            660
    os_time.o            260
    target.o           1 784                12
    uart.o             4 768       32
    user_debug.o       1 808       29        8
    user_mem.o           368            11 128
    ------------------------------------------
    Total:            92 084    5 459   26 466

command line: [2]
    ------------------------------------------
    Total:

dl4t_aln.a: [3]
    abort.o                8
    div.o                 56
    exit.o                 4
    vsprintf.o            76
    xprintffull.o      5 846
    xsprout.o             20
    ------------------------------------------
    Total:             6 010

m4t_al.a: [4]
    DblAdd.o             320
    DblCmpGe.o            56
    DblCmpLe.o            56
    DblDiv.o             824
    DblMul.o             504
    DblSub.o             496
    DblToFlt.o           172
    DblToS32.o            96
    DblToU32.o            60
    FltMul.o             328
    FltToDbl.o           100
    S32ToDbl.o            96
    U32ToDbl.o            16
    xdnorm.o             124
    xdscale.o            480
    ------------------------------------------
    Total:             3 728

rt4t_al.a: [5]
    ABImemclr4.o           8
    ABImemcpy.o          212
    ABImemset.o          124
    ABImemset48.o         72
    I32DivMod.o          468
    I64DivMod.o          212
    I64DivZer.o            4
    IntDivZer.o            4
    XXexit.o              20
    cexit.o               16
    cmain.o               44
    data_init.o           50
    memchr.o             148
    packbits_init.o      222
    strchr.o              32
    strcpy.o             108
    strlen.o              84
    zero_init3.o          42
    ------------------------------------------
    Total:             1 870

    Linker created        16       44    1 984
----------------------------------------------
    Grand Total:     103 708    5 503   28 450


*******************************************************************************
*** ENTRY LIST
***

Entry                      Address    Size  Type      Object
-----                      -------    ----  ----      ------
?main                   0x0002a8e8          Code  Gb  cmain.o [5]
ABT_STACK$$Base         0x40006de8           --   Gb  - Linker created -
ABT_STACK$$Limit        0x40006f68           --   Gb  - Linker created -
ARP_List                0x0001aafc    0x90  Code  Gb  ARP.o [1]
ARP_REP_MAC             0x40000400     0x8  Data  Gb  ARP.o [1]
ARP_Rec_Find            0x0001ace4    0xd0  Code  Gb  ARP.o [1]
ARP_Rec_Save            0x0001adb4    0x80  Code  Gb  ARP.o [1]
ARP_ReceivePacket       0x0001b028    0x20  Code  Gb  ARP.o [1]
AT24C16_Read            0x00020df8    0x34  Code  Gb  I2C1INT.o [1]
AT24C16_Write           0x00020e2c    0xa8  Code  Gb  I2C1INT.o [1]
AV_IN                   0x0002a928    0x14  Data  Gb  CD22M3494.o [1]
AV_OUT                  0x0002a93c    0x14  Data  Gb  CD22M3494.o [1]
AV_Select               0x0001fedc    0x3c  Code  Gb  CD22M3494.o [1]
Able_CMD_TB             0x00023bd8    0x7c  Code  Gb  uart.o [1]
Alarm_Link              0x00017620   0x120  Code  Gb  User_option.o [1]
Alarmdev_id             0x400000c8     0xc  Data  Gb  User_option.o [1]
Arp_Answer              0x0001aeb8    0xe8  Code  Gb  ARP.o [1]
Arp_Request             0x0001b048    0xc8  Code  Gb  ARP.o [1]
BMK_Sound_Select        0x00014308    0x38  Code  Gb  PT2258.o [1]
BSP_CPU_ClkFreq         0x000210d0    0x8c  Code  Gb  target.o [1]
BSP_CPU_PclkFreq        0x0002115c    0xc0  Code  Gb  target.o [1]
BSP_IntDisAll           0x000210a0    0x30  Code  Gb  target.o [1]
BinToChar               0x00016f10    0x24  Code  Gb  User_option.o [1]
BlankCHK                0x00016d88    0x34  Code  Gb  LP2368_FLASH.o [1]
CPU_SR_Restore          0x00025610          Code  Gb  cpu_a.o [1]
CPU_SR_Save             0x000255f0          Code  Gb  cpu_a.o [1]
CSTACK$$Base            0x400067a8           --   Gb  - Linker created -
CSTACK$$Limit           0x40006aa8           --   Gb  - Linker created -
CameraInit              0x00019208    0x8c  Code  Gb  User_power.o [1]
CameraPowerInit         0x0001800c    0xd0  Code  Gb  User_option.o [1]
Change_Encode_Num       0x000205f4    0x6c  Code  Gb  CD22M3494.o [1]
Change_State_BJCardLK   0x00013cd4    0x50  Code  Gb  User_on_msg.o [1]
CheckSum1               0x0001c940    0x34  Code  Gb  PelcoD.o [1]
Check_FunctionMode      0x00016f34    0xa4  Code  Gb  User_option.o [1]
Check_UDP_Paket         0x0001b574    0xe4  Code  Gb  User_udp.o [1]
ClassInfo_RESET         0x0001f0f4   0x26c  Code  Gb  User_Run.o [1]
ClassInfo_init          0x00017070   0x274  Code  Gb  User_option.o [1]
Class_Task_Start        0x00017740   0x110  Code  Gb  User_option.o [1]
Config_printf           0x0001eb4c   0x218  Code  Gb  User_Run.o [1]
CoordinateBuf           0x40006774     0x8  Data  Gb  User_XCOM.o [1]
CreateIcmpCrc           0x000281b8    0x7c  Code  Gb  ICMP.o [1]
CreateIpHeadCrc         0x00026234    0x74  Code  Gb  IP.o [1]
DBG_HexToChar           0x00018adc    0xa0  Code  Gb  user_debug.o [1]
DBG_Log_write           0x00018a3c    0x54  Code  Gb  user_debug.o [1]
DBG_Str_printf          0x00018a90    0x4c  Code  Gb  user_debug.o [1]
DCS_TYPE_Str            0x40000270     0x8  Data  Gb  User_option.o [1]
DEVICE_LINK             0x400065fc    0x48  Data  Gb  CD22M3494.o [1]
DW_init                 0x0002299c    0x38  Code  Gb  User_DW.o [1]
Debug_SubCastIP         0x40000420     0x4  Data  Gb  user_debug.o [1]
DelPowerDeltimemsg      0x000193f4    0x2c  Code  Gb  User_power.o [1]
Delay                   0x00014078    0x14  Code  Gb  PT2258.o [1]
Device_3730             0x40000410     0x8  Data  Gb  User_option.o [1]
Device_8168             0x40000418     0x8  Data  Gb  User_option.o [1]
Device_DCS_open         0x0001aa20    0x30  Code  Gb  io.o [1]
Device_Get_MIX          0x00014568     0xc  Code  Gb  PT2258.o [1]
Device_Get_Vol          0x000144f0    0x78  Code  Gb  PT2258.o [1]
Device_IC_Reset         0x0001a9b8    0x34  Code  Gb  io.o [1]
Device_KZ_Reset         0x0001a9ec    0x34  Code  Gb  io.o [1]
Device_Link_Scan        0x00020758    0x3c  Code  Gb  CD22M3494.o [1]
Device_OutVol           0x00014404    0xec  Code  Gb  PT2258.o [1]
Device_Rec_Find         0x000174d0   0x150  Code  Gb  User_option.o [1]
Device_Rec_Scan         0x00017854   0x4ac  Code  Gb  User_option.o [1]
Device_Set_MIX          0x00014574   0x108  Code  Gb  PT2258.o [1]
Device_Sound_Contrl     0x0001467c    0x38  Code  Gb  PT2258.o [1]
Device_Stat_Option      0x0001c050    0xbc  Code  Gb  User_table.o [1]
Device_Stat_Save        0x0001c10c    0x98  Code  Gb  User_table.o [1]
Device_Use_Stat_Read    0x0001c1a4   0x120  Code  Gb  User_table.o [1]
Device_VGA_Select       0x000206dc    0x7c  Code  Gb  CD22M3494.o [1]
Device_Video_Select     0x00020660    0x7c  Code  Gb  CD22M3494.o [1]
EINT1_Exception         0x00024178   0x11c  Code  Gb  uart.o [1]
EINT2_Exception         0x00024294   0x11c  Code  Gb  uart.o [1]
EINT3_Exception         0x0001a514    0xb8  Code  Gb  io.o [1]
EMACHandler             0x00025fc4    0x10  Code  Gb  Hardware_int.o [1]
EMACRxDescriptorInit    0x00025dec    0x84  Code  Gb  Hardware_int.o [1]
EMACTxDescriptorInit    0x00025d70    0x7c  Code  Gb  Hardware_int.o [1]
EMAC_RxDisable          0x00025cb4    0x24  Code  Gb  Hardware_int.o [1]
EMAC_RxEnable           0x00025c90    0x24  Code  Gb  Hardware_int.o [1]
EMAC_TxDisable          0x00025c7c    0x14  Code  Gb  Hardware_int.o [1]
EMAC_TxEnable           0x00025c68    0x14  Code  Gb  Hardware_int.o [1]
Encode_TAB              0x00029458     0x8  Data  Gb  User_on_msg.o [1]
EraseSector             0x00016d48    0x40  Code  Gb  LP2368_FLASH.o [1]
Ethernet_Exception      0x00026050    0x2c  Code  Gb  Hardware_int.o [1]
Ethernet_ReceivePacket  0x00023050    0x3c  Code  Gb  Ethernet.o [1]
Ethernet_SendFrame      0x00022fb0    0xa0  Code  Gb  Ethernet.o [1]
FIQ_STACK$$Base         0x40006dc8           --   Gb  - Linker created -
FIQ_STACK$$Limit        0x40006dd8           --   Gb  - Linker created -
FRun                    0x4000671c     0x4  Data  Gb  User_Run.o [1]
File_ClassTable_Read    0x0001bf94    0xa0  Code  Gb  User_table.o [1]
File_ClassTable_Read_CurDay
                        0x0001c034    0x1c  Code  Gb  User_table.o [1]
File_ClassTable_Write   0x0001bef4    0x74  Code  Gb  User_table.o [1]
File_ClassTable_Write_OneDay
                        0x0001bf68    0x2c  Code  Gb  User_table.o [1]
File_Req                0x0001bb14    0x88  Code  Gb  User_table.o [1]
File_Table_Read         0x0001bd88   0x16c  Code  Gb  User_table.o [1]
File_Table_Write        0x0001bb9c   0x1ec  Code  Gb  User_table.o [1]
File_UserProgram_Write  0x0001c2c4    0x44  Code  Gb  User_table.o [1]
FocusFarCmd             0x0001d1c4    0x84  Code  Gb  PelcoD.o [1]
FocusNearCmd            0x0001d13c    0x88  Code  Gb  PelcoD.o [1]
Get_ClassID             0x0001ab94     0x8  Code  Gb  ARP.o [1]
Get_ClassInfo_Table     0x00016dbc     0xc  Code  Gb  LP2368_FLASH.o [1]
Get_Class_Stauts        0x00016eac    0x10  Code  Gb  User_option.o [1]
Get_Debug               0x000189ec    0x20  Code  Gb  User_option.o [1]
Get_DesIp               0x0001abe0    0xb4  Code  Gb  ARP.o [1]
Get_Device_Status       0x00018a0c     0x8  Code  Gb  User_option.o [1]
Get_KeyData             0x000146d8     0x8  Code  Gb  Use_key.o [1]
Get_NetPort             0x0001ab8c     0x8  Code  Gb  ARP.o [1]
Get_TB_REC_State        0x000208e0     0x8  Code  Gb  User_TB.o [1]
Get_XCOM_Port           0x0001d2a4    0x10  Code  Gb  User_XCOM.o [1]
Get_ver                 0x00016ea0     0xc  Code  Gb  User_option.o [1]
GotoPrepositionCmd      0x0001d020    0x90  Code  Gb  PelcoD.o [1]
HW_DEVICE               0x400066bc    0x20  Data  Gb  hw.o [1]
HW_send                 0x0001fcf8   0x1dc  Code  Gb  hw.o [1]
I2C0_Exception          0x000252b4   0x2d0  Code  Gb  I2C0INT.o [1]
I2C0_WriteNByte1        0x000251dc    0xd8  Code  Gb  I2C0INT.o [1]
I2C1_Exception          0x00020b28   0x2d0  Code  Gb  I2C1INT.o [1]
I2C1_ReadNByte          0x00020984    0xd8  Code  Gb  I2C1INT.o [1]
I2C1_WriteNByte         0x00020a5c    0xcc  Code  Gb  I2C1INT.o [1]
I2C1_buf                0x40006734     0x4  Data  Gb  I2C1INT.o [1]
I2C1_end                0x4000673e     0x1  Data  Gb  I2C1INT.o [1]
I2C1_num                0x40006738     0x4  Data  Gb  I2C1INT.o [1]
I2C1_sla                0x4000673c     0x1  Data  Gb  I2C1INT.o [1]
I2C1_suba               0x40006730     0x4  Data  Gb  I2C1INT.o [1]
I2C1_suba_en            0x4000673f     0x1  Data  Gb  I2C1INT.o [1]
I2C1_suba_num           0x4000673d     0x1  Data  Gb  I2C1INT.o [1]
I2C_buf                 0x40006724     0x4  Data  Gb  I2C0INT.o [1]
I2C_end                 0x4000672e     0x1  Data  Gb  I2C0INT.o [1]
I2C_num                 0x40006728     0x4  Data  Gb  I2C0INT.o [1]
I2C_sla                 0x4000672c     0x1  Data  Gb  I2C0INT.o [1]
I2C_suba                0x40006720     0x4  Data  Gb  I2C0INT.o [1]
I2C_suba_en             0x4000672f     0x1  Data  Gb  I2C0INT.o [1]
I2C_suba_num            0x4000672d     0x1  Data  Gb  I2C0INT.o [1]
I2c0Init                0x00025584    0x60  Code  Gb  I2C0INT.o [1]
I2c1Init                0x00020ed4    0x60  Code  Gb  I2C1INT.o [1]
IAP_Entry               0x40006664     0x4  Data  Gb  LP2368_FLASH.o [1]
ICMP_ReceivePacket      0x00028234   0x1e0  Code  Gb  ICMP.o [1]
ICReader_Power          0x0001aa50    0x44  Code  Gb  io.o [1]
IO_Contrl               0x0001a7c8    0x74  Code  Gb  io.o [1]
IO_FlagLingt_Flash      0x0001a774    0x54  Code  Gb  io.o [1]
IO_Out                  0x0001a5cc   0x138  Code  Gb  io.o [1]
IO_PC_Power             0x00019420    0x90  Code  Gb  User_power.o [1]
IO_Scan                 0x0001a83c   0x154  Code  Gb  io.o [1]
IO_in                   0x0001a704    0x70  Code  Gb  io.o [1]
IPByte_TO_Dword         0x0001abbc    0x24  Code  Gb  ARP.o [1]
IPDword_TO_Byte         0x0001ab9c    0x20  Code  Gb  ARP.o [1]
IPMASK_Compare          0x0001ae34    0x84  Code  Gb  ARP.o [1]
IP_Check                0x0001b110    0x84  Code  Gb  ARP.o [1]
IP_Compare              0x0001ac94    0x50  Code  Gb  ARP.o [1]
IP_Debug_init           0x00018bd8    0x28  Code  Gb  user_debug.o [1]
IP_ReceivePacket        0x00026548    0x68  Code  Gb  IP.o [1]
IP_SendFrame            0x000262a8   0x29c  Code  Gb  IP.o [1]
IP_printf               0x00018c80    0xc4  Code  Gb  user_debug.o [1]
IRQ_STACK$$Base         0x40006ac8           --   Gb  - Linker created -
IRQ_STACK$$Limit        0x40006dc8           --   Gb  - Linker created -
IS752_Scan              0x00021954    0xb4  Code  Gb  SC16IS752.o [1]
IS752_Scan2             0x00021a08    0xb8  Code  Gb  SC16IS752.o [1]
InStream_Read           0x0002a4ad    0x22  Code  Lc  packbits_init.o [5]
InitIAP                 0x00016cc0    0x10  Code  Gb  LP2368_FLASH.o [1]
InitNet                 0x0002607c   0x174  Code  Gb  Hardware_int.o [1]
Init_DS18B20            0x00021ce4    0x54  Code  Gb  18B20.o [1]
Initial_arp             0x0001aa94    0x68  Code  Gb  ARP.o [1]
Io_Init                 0x0001a39c    0xf8  Code  Gb  io.o [1]
IsImageRecognition      0x0001d24c    0x54  Code  Gb  PelcoD.o [1]
K8_UDP_Rec_Process      0x0001b6c8   0x270  Code  Gb  User_udp.o [1]
K8_UDP_Send_ACK         0x0001b660    0x68  Code  Gb  User_udp.o [1]
K8_UDP_Send_CMD         0x0001b938   0x12c  Code  Gb  User_udp.o [1]
K8_UDP_Send_File        0x0001ba64    0xb0  Code  Gb  User_udp.o [1]
KEY_CMD                 0x000151d8  0x1804  Code  Gb  Use_key.o [1]
KEY_DATA                0x40006688    0x34  Data  Gb  Use_key.o [1]
KEY_Set_Vol             0x000146e0    0x44  Code  Gb  Use_key.o [1]
Key_TB_state            0x00015184    0x28  Code  Gb  Use_key.o [1]
LAN_Sound_OUT           0x000143cc    0x38  Code  Gb  PT2258.o [1]
LAN_Sound_Select        0x00014340    0x8c  Code  Gb  PT2258.o [1]
LAN_Test_Ack            0x0001b1c8    0x48  Code  Gb  User_udp.o [1]
LED_Contrl              0x00014724    0xd0  Code  Gb  Use_key.o [1]
LED_DATA                0x400066dc    0x1c  Data  Gb  Use_key.o [1]
LED_SendFLASH           0x00014a58   0x138  Code  Gb  Use_key.o [1]
LED_Set                 0x000147f4   0x1c4  Code  Gb  Use_key.o [1]
LED_Time_Flash          0x000149b8    0xa0  Code  Gb  Use_key.o [1]
LED_device_set          0x00014e58   0x32c  Code  Gb  Use_key.o [1]
LMT_Delay_Power         0x0001ed94    0x1c  Code  Gb  User_Run.o [1]
LMT_Power_Check         0x0001edfc   0x1d8  Code  Gb  User_Run.o [1]
LMT_Power_contrl        0x0001edb0    0x4c  Code  Gb  User_Run.o [1]
LMT_init                0x0001ed64    0x30  Code  Gb  User_Run.o [1]
Lan_TestFlag            0x0002aa00     0x4  Data  Gb  User_udp.o [1]
LoadInt                 0x00026ef0    0xc8  Code  Lc  xprintffull.o [3]
Log_Close               0x00019048    0x18  Code  Gb  user_debug.o [1]
Log_Create              0x00018d44    0xd8  Code  Gb  user_debug.o [1]
MAM_Init                0x0002121c    0x58  Code  Lc  target.o [1]
MSG_PQ                  0x400000c0     0x4  Data  Gb  User_option.o [1]
MSG_Q                   0x400000d4    0x50  Data  Gb  User_option.o [1]
Mem_Clr                 0x00016b68     0xc  Code  Gb  lib_mem.o [1]
Mem_Copy                0x00016c14    0xac  Code  Gb  lib_mem.o [1]
Mem_Set                 0x00016b74    0xa0  Code  Gb  lib_mem.o [1]
Msg_Option_Find         0x00017444    0x8c  Code  Gb  User_option.o [1]
Msg_send                0x00017d00    0x98  Code  Gb  User_option.o [1]
NetPort                 0x40000278   0x188  Data  Gb  ARP.o [1]
ON_Change_State         0x00012894   0x2a4  Code  Gb  User_on_msg.o [1]
ON_Device_select        0x0001248c   0x364  Code  Gb  User_on_msg.o [1]
ON_POWER_option         0x000194b0   0x870  Code  Gb  User_power.o [1]
ON_Sound_Mute           0x00010044   0x180  Code  Gb  User_on_msg.o [1]
OSCPUUsage              0x40005020     0x1  Data  Gb  os_core.o [1]
OSCtxSw                 0x0001f7d0          Code  Gb  os_cpu_a.o [1]
OSCtxSwCtr              0x40004f7c     0x4  Data  Gb  os_core.o [1]
OSDataSize              0x0002aa68     0x2  Data  Gb  os_dbg.o [1]
OSDebugEn               0x0002a58a     0x2  Data  Gb  os_dbg.o [1]
OSDebugInit             0x00027d30     0x4  Code  Gb  os_dbg.o [1]
OSEndiannessTest        0x0002a9fc     0x4  Data  Gb  os_dbg.o [1]
OSEventEn               0x0002aa06     0x2  Data  Gb  os_dbg.o [1]
OSEventFreeList         0x400058e0     0x4  Data  Gb  os_core.o [1]
OSEventMax              0x0002a8aa     0x2  Data  Gb  os_dbg.o [1]
OSEventNameSize         0x0002aa04     0x2  Data  Gb  os_dbg.o [1]
OSEventSize             0x0002aa08     0x2  Data  Gb  os_dbg.o [1]
OSEventTbl              0x400058e4   0x3c0  Data  Gb  os_core.o [1]
OSEventTblSize          0x0002aa0a     0x2  Data  Gb  os_dbg.o [1]
OSFlagEn                0x0002aa0c     0x2  Data  Gb  os_dbg.o [1]
OSFlagFreeList          0x4000678c     0x4  Data  Gb  os_core.o [1]
OSFlagGrpSize           0x0002aa0e     0x2  Data  Gb  os_dbg.o [1]
OSFlagMax               0x0002aa14     0x2  Data  Gb  os_dbg.o [1]
OSFlagNameSize          0x0002aa16     0x2  Data  Gb  os_dbg.o [1]
OSFlagNodeSize          0x0002aa10     0x2  Data  Gb  os_dbg.o [1]
OSFlagTbl               0x400063b4    0xdc  Data  Gb  os_core.o [1]
OSFlagWidth             0x0002aa12     0x2  Data  Gb  os_dbg.o [1]
OSIdleCtr               0x40004f88     0x4  Data  Gb  os_core.o [1]
OSIdleCtrMax            0x40004f80     0x4  Data  Gb  os_core.o [1]
OSIdleCtrRun            0x40004f84     0x4  Data  Gb  os_core.o [1]
OSInit                  0x00024570    0x38  Code  Gb  os_core.o [1]
OSIntCtxSw              0x0001f834          Code  Gb  os_cpu_a.o [1]
OSIntExit               0x000245a8    0x8c  Code  Gb  os_core.o [1]
OSIntNesting            0x40005022     0x1  Data  Gb  os_core.o [1]
OSLockNesting           0x40005023     0x1  Data  Gb  os_core.o [1]
OSLowestPrio            0x0002aa18     0x2  Data  Gb  os_dbg.o [1]
OSMboxEn                0x0002aa1a     0x2  Data  Gb  os_dbg.o [1]
OSMemCreate             0x00025014    0xa0  Code  Gb  os_mem.o [1]
OSMemEn                 0x0002aa1c     0x2  Data  Gb  os_dbg.o [1]
OSMemFreeList           0x40006790     0x4  Data  Gb  os_core.o [1]
OSMemGet                0x000250b4    0x5c  Code  Gb  os_mem.o [1]
OSMemMax                0x0002aa1e     0x2  Data  Gb  os_dbg.o [1]
OSMemNameSize           0x0002aa20     0x2  Data  Gb  os_dbg.o [1]
OSMemPut                0x00025110    0x50  Code  Gb  os_mem.o [1]
OSMemSize               0x0002aa22     0x2  Data  Gb  os_dbg.o [1]
OSMemTbl                0x40006490    0x8c  Data  Gb  os_core.o [1]
OSMemTblSize            0x0002aa24     0x2  Data  Gb  os_dbg.o [1]
OSMutexEn               0x0002aa26     0x2  Data  Gb  os_dbg.o [1]
OSPrioCur               0x40005024     0x1  Data  Gb  os_core.o [1]
OSPrioHighRdy           0x40005025     0x1  Data  Gb  os_core.o [1]
OSPtrSize               0x0002aa28     0x2  Data  Gb  os_dbg.o [1]
OSQCreate               0x00021f6c    0xd4  Code  Gb  os_q.o [1]
OSQEn                   0x0002aa2a     0x2  Data  Gb  os_dbg.o [1]
OSQFreeList             0x40006794     0x4  Data  Gb  os_core.o [1]
OSQMax                  0x0002aa2c     0x2  Data  Gb  os_dbg.o [1]
OSQPend                 0x00022040   0x168  Code  Gb  os_q.o [1]
OSQPost                 0x000221a8    0xc4  Code  Gb  os_q.o [1]
OSQSize                 0x0002aa2e     0x2  Data  Gb  os_dbg.o [1]
OSQTbl                  0x400061b8   0x108  Data  Gb  os_core.o [1]
OSRdyGrp                0x40005026     0x1  Data  Gb  os_core.o [1]
OSRdyTbl                0x4000502c     0x4  Data  Gb  os_core.o [1]
OSRdyTblSize            0x0002aa30     0x2  Data  Gb  os_dbg.o [1]
OSRunning               0x40005027     0x1  Data  Gb  os_core.o [1]
OSSemCreate             0x0002308c    0x78  Code  Gb  os_sem.o [1]
OSSemEn                 0x0002aa32     0x2  Data  Gb  os_dbg.o [1]
OSSemPend               0x00023104   0x124  Code  Gb  os_sem.o [1]
OSSemPost               0x00023238    0x98  Code  Gb  os_sem.o [1]
OSStart                 0x00024634    0x3c  Code  Gb  os_core.o [1]
OSStartHighRdy          0x0001f79c          Code  Gb  os_cpu_a.o [1]
OSStatRdy               0x40005021     0x1  Data  Gb  os_core.o [1]
OSStkWidth              0x0002aa34     0x2  Data  Gb  os_dbg.o [1]
OSTCBCur                0x40004f8c     0x4  Data  Gb  os_core.o [1]
OSTCBFreeList           0x40004f90     0x4  Data  Gb  os_core.o [1]
OSTCBHighRdy            0x40004f94     0x4  Data  Gb  os_core.o [1]
OSTCBList               0x40004f98     0x4  Data  Gb  os_core.o [1]
OSTCBPrioTbl            0x40004f9c    0x80  Data  Gb  os_core.o [1]
OSTCBPrioTblMax         0x0002aa4c     0x2  Data  Gb  os_dbg.o [1]
OSTCBSize               0x0002aa4e     0x2  Data  Gb  os_dbg.o [1]
OSTCBTbl                0x40005030   0x478  Data  Gb  os_core.o [1]
OSTaskCreateEn          0x0002aa36     0x2  Data  Gb  os_dbg.o [1]
OSTaskCreateExt         0x00027d34    0xf0  Code  Gb  os_task.o [1]
OSTaskCreateExtEn       0x0002aa38     0x2  Data  Gb  os_dbg.o [1]
OSTaskCtr               0x40005028     0x1  Data  Gb  os_core.o [1]
OSTaskDelEn             0x0002aa3a     0x2  Data  Gb  os_dbg.o [1]
OSTaskIdleStk           0x40005ea4   0x200  Data  Gb  os_core.o [1]
OSTaskIdleStkSize       0x0002aa3c     0x2  Data  Gb  os_dbg.o [1]
OSTaskMax               0x0002aa40     0x2  Data  Gb  os_dbg.o [1]
OSTaskNameSet           0x00027e24    0xbc  Code  Gb  os_task.o [1]
OSTaskNameSize          0x0002aa42     0x2  Data  Gb  os_dbg.o [1]
OSTaskProfileEn         0x0002aa3e     0x2  Data  Gb  os_dbg.o [1]
OSTaskStatEn            0x0002aa44     0x2  Data  Gb  os_dbg.o [1]
OSTaskStatStk           0x40005ca4   0x200  Data  Gb  os_core.o [1]
OSTaskStatStkChkEn      0x0002aa48     0x2  Data  Gb  os_dbg.o [1]
OSTaskStatStkSize       0x0002aa46     0x2  Data  Gb  os_dbg.o [1]
OSTaskStkChk            0x00027ee0    0xb0  Code  Gb  os_task.o [1]
OSTaskStkInit           0x00028c54    0x98  Code  Gb  os_cpu_c.o [1]
OSTaskSwHook            0x00028cec     0x4  Code  Gb  os_cpu_c.o [1]
OSTaskSwHookEn          0x0002aa4a     0x2  Data  Gb  os_dbg.o [1]
OSTickStepState         0x40005029     0x1  Data  Gb  os_core.o [1]
OSTicksPerSec           0x0002aa50     0x2  Data  Gb  os_dbg.o [1]
OSTime                  0x4000501c     0x4  Data  Gb  os_core.o [1]
OSTimeDly               0x0001ea48    0x70  Code  Gb  os_time.o [1]
OSTimeDlyHMSM           0x0001eab8    0x84  Code  Gb  os_time.o [1]
OSTimeTick              0x00024670   0x118  Code  Gb  os_core.o [1]
OSTimeTickHookEn        0x0002aa52     0x2  Data  Gb  os_dbg.o [1]
OSTmrCfgMax             0x0002aa58     0x2  Data  Gb  os_dbg.o [1]
OSTmrCfgNameSize        0x0002aa5a     0x2  Data  Gb  os_dbg.o [1]
OSTmrCfgTicksPerSec     0x0002aa5e     0x2  Data  Gb  os_dbg.o [1]
OSTmrCfgWheelSize       0x0002aa5c     0x2  Data  Gb  os_dbg.o [1]
OSTmrEn                 0x0002aa56     0x2  Data  Gb  os_dbg.o [1]
OSTmrSize               0x0002aa60     0x2  Data  Gb  os_dbg.o [1]
OSTmrTblSize            0x0002aa62     0x2  Data  Gb  os_dbg.o [1]
OSTmrWheelSize          0x0002aa64     0x2  Data  Gb  os_dbg.o [1]
OSTmrWheelTblSize       0x0002aa66     0x2  Data  Gb  os_dbg.o [1]
OSUnMapTbl              0x00024f14   0x100  Data  Gb  os_core.o [1]
OSVersionNbr            0x0002aa54     0x2  Data  Gb  os_dbg.o [1]
OS_CPU_ARM_ExceptAddrAbortHndlr
                        0x0001f8c8          Code  Gb  os_cpu_a.o [1]
OS_CPU_ARM_ExceptDataAbortHndlr
                        0x0001f8b4          Code  Gb  os_cpu_a.o [1]
OS_CPU_ARM_ExceptFiqHndlr
                        0x0001f8f0          Code  Gb  os_cpu_a.o [1]
OS_CPU_ARM_ExceptIrqHndlr
                        0x0001f8dc          Code  Gb  os_cpu_a.o [1]
OS_CPU_ARM_ExceptPrefetchAbortHndlr
                        0x0001f8a0          Code  Gb  os_cpu_a.o [1]
OS_CPU_ARM_ExceptResetHndlr
                        0x0001f870          Code  Gb  os_cpu_a.o [1]
OS_CPU_ARM_ExceptSwiHndlr
                        0x0001f890          Code  Gb  os_cpu_a.o [1]
OS_CPU_ARM_ExceptUndefInstrHndlr
                        0x0001f880          Code  Gb  os_cpu_a.o [1]
OS_CPU_ExceptHndlr      0x000213b4   0x130  Code  Gb  target.o [1]
OS_CPU_SR_FIQ_Dis       0x0001f77c          Code  Gb  os_cpu_a.o [1]
OS_CPU_SR_FIQ_En        0x0001f78c          Code  Gb  os_cpu_a.o [1]
OS_CPU_SR_INT_Dis       0x0001f738          Code  Gb  os_cpu_a.o [1]
OS_CPU_SR_INT_En        0x0001f748          Code  Gb  os_cpu_a.o [1]
OS_CPU_SR_IRQ_Dis       0x0001f75c          Code  Gb  os_cpu_a.o [1]
OS_CPU_SR_IRQ_En        0x0001f76c          Code  Gb  os_cpu_a.o [1]
OS_CPU_SR_Restore       0x0001f730          Code  Gb  os_cpu_a.o [1]
OS_CPU_SR_Save          0x0001f720          Code  Gb  os_cpu_a.o [1]
OS_EventTOAbort         0x000248b0    0x58  Code  Gb  os_core.o [1]
OS_EventTaskRdy         0x00024788    0xb8  Code  Gb  os_core.o [1]
OS_EventTaskWait        0x00024840    0x70  Code  Gb  os_core.o [1]
OS_EventWaitListInit    0x00024908    0x30  Code  Gb  os_core.o [1]
OS_FlagInit             0x00027cb4    0x74  Code  Gb  os_flag.o [1]
OS_InitEventList        0x00024938    0x74  Code  Lc  os_core.o [1]
OS_InitMisc             0x000249ac    0x30  Code  Lc  os_core.o [1]
OS_InitRdyList          0x000249dc    0x40  Code  Lc  os_core.o [1]
OS_InitTCBList          0x00024adc    0x80  Code  Lc  os_core.o [1]
OS_InitTaskIdle         0x00024a1c    0x60  Code  Lc  os_core.o [1]
OS_InitTaskStat         0x00024a7c    0x60  Code  Lc  os_core.o [1]
OS_MemClr               0x00024b5c    0x20  Code  Gb  os_core.o [1]
OS_MemInit              0x00025160    0x74  Code  Gb  os_mem.o [1]
OS_QInit                0x0002226c    0x5c  Code  Gb  os_q.o [1]
OS_Sched                0x00024b7c    0x68  Code  Gb  os_core.o [1]
OS_SchedNew             0x00024be4    0x28  Code  Lc  os_core.o [1]
OS_StrCopy              0x00024c0c    0x34  Code  Gb  os_core.o [1]
OS_StrLen               0x00024c40    0x28  Code  Gb  os_core.o [1]
OS_TCBInit              0x00024dac   0x14c  Code  Gb  os_core.o [1]
OS_TaskIdle             0x00024c68    0x24  Code  Gb  os_core.o [1]
OS_TaskStat             0x00024c8c    0xac  Code  Gb  os_core.o [1]
OS_TaskStatStkChk       0x00024d38    0x74  Code  Gb  os_core.o [1]
OS_TaskStkClr           0x00027fa0    0x28  Code  Gb  os_task.o [1]
On_MSG_8168_STATUS      0x00013c20    0xb4  Code  Gb  User_on_msg.o [1]
On_MSG_OPTION           0x00012420    0x6c  Code  Gb  User_on_msg.o [1]
On_MSG_OPTION_AUTOTRACK_OFF
                        0x00010ea8    0x18  Code  Gb  User_on_msg.o [1]
On_MSG_OPTION_AUTOTRACK_ON
                        0x00010e90    0x18  Code  Gb  User_on_msg.o [1]
On_MSG_OPTION_AUTO_OFF  0x00010c04    0x6c  Code  Gb  User_on_msg.o [1]
On_MSG_OPTION_AUTO_ON   0x00010b94    0x70  Code  Gb  User_on_msg.o [1]
On_MSG_OPTION_CLASS_BEGIN
                        0x00010444   0x214  Code  Gb  User_on_msg.o [1]
On_MSG_OPTION_CLASS_OVER
                        0x00010658   0x1a8  Code  Gb  User_on_msg.o [1]
On_MSG_OPTION_CODE1_SPEED
                        0x00012f14   0x12c  Code  Gb  User_on_msg.o [1]
On_MSG_OPTION_COMM      0x0001d32c    0x64  Code  Gb  User_XCOM.o [1]
On_MSG_OPTION_CardContrl
                        0x00013d90   0x278  Code  Gb  User_on_msg.o [1]
On_MSG_OPTION_DEBUG     0x00011a84    0x68  Code  Gb  User_on_msg.o [1]
On_MSG_OPTION_DEV_REMOTE_OFF
                        0x00010d68    0x94  Code  Gb  User_on_msg.o [1]
On_MSG_OPTION_DEV_REMOTE_ON
                        0x00010c70    0x7c  Code  Gb  User_on_msg.o [1]
On_MSG_OPTION_DEV_RESET
                        0x00011af0    0x10  Code  Gb  User_on_msg.o [1]
On_MSG_OPTION_Debug     0x00013b18   0x108  Code  Gb  User_on_msg.o [1]
On_MSG_OPTION_FILE_REQ  0x00011b00    0x44  Code  Gb  User_on_msg.o [1]
On_MSG_OPTION_FILE_SEND
                        0x00011b44    0x68  Code  Gb  User_on_msg.o [1]
On_MSG_OPTION_FRAME     0x00012de0   0x130  Code  Gb  User_on_msg.o [1]
On_MSG_OPTION_HD_OFF    0x00010f08    0x18  Code  Gb  User_on_msg.o [1]
On_MSG_OPTION_HD_ON     0x00010ef0    0x18  Code  Gb  User_on_msg.o [1]
On_MSG_OPTION_HELP_BREAK
                        0x00010b04    0x90  Code  Gb  User_on_msg.o [1]
On_MSG_OPTION_HELP_LINK
                        0x00010a90    0x74  Code  Gb  User_on_msg.o [1]
On_MSG_OPTION_HELP_OFF  0x00010898    0x94  Code  Gb  User_on_msg.o [1]
On_MSG_OPTION_HELP_ON   0x00010800    0x98  Code  Gb  User_on_msg.o [1]
On_MSG_OPTION_HELP_TEST
                        0x000109f0    0x2c  Code  Gb  User_on_msg.o [1]
On_MSG_OPTION_IPPlay    0x00010a1c    0x74  Code  Gb  User_on_msg.o [1]
On_MSG_OPTION_IP_DPlay  0x0001092c    0x74  Code  Gb  User_on_msg.o [1]
On_MSG_OPTION_LEDContrl
                        0x00013adc    0x3c  Code  Gb  User_on_msg.o [1]
On_MSG_OPTION_LMT_ReqStatus
                        0x0001347c    0xfc  Code  Gb  User_on_msg.o [1]
On_MSG_OPTION_METRIC    0x00012cb0   0x130  Code  Gb  User_on_msg.o [1]
On_MSG_OPTION_MSG_RUN   0x000101c4   0x264  Code  Gb  User_on_msg.o [1]
On_MSG_OPTION_PERSONAL_TALL
                        0x00013040   0x13c  Code  Gb  User_on_msg.o [1]
On_MSG_OPTION_POWER     0x00010428    0x1c  Code  Gb  User_on_msg.o [1]
On_MSG_OPTION_POWERCARD_ONOFF
                        0x00019d2c   0x4f4  Code  Gb  User_power.o [1]
On_MSG_OPTION_RECORD    0x00012b38   0x170  Code  Gb  User_on_msg.o [1]
On_MSG_OPTION_REC_Contrl
                        0x00013320   0x15c  Code  Gb  User_on_msg.o [1]
On_MSG_OPTION_REC_REMOTE_OFF
                        0x00010dfc    0x94  Code  Gb  User_on_msg.o [1]
On_MSG_OPTION_REC_REMOTE_ON
                        0x00010cec    0x7c  Code  Gb  User_on_msg.o [1]
On_MSG_OPTION_SCAMERA   0x00013584   0x500  Code  Gb  User_on_msg.o [1]
On_MSG_OPTION_SCAMERA_CONTRL
                        0x00010f54   0xa5c  Code  Gb  User_on_msg.o [1]
On_MSG_OPTION_SELECT_SCAMERA
                        0x0001317c   0x1a4  Code  Gb  User_on_msg.o [1]
On_MSG_OPTION_SERVER_FILE_SEND
                        0x00011bac   0x168  Code  Gb  User_on_msg.o [1]
On_MSG_OPTION_SEVER_ACK
                        0x00011d14    0x8c  Code  Gb  User_on_msg.o [1]
On_MSG_OPTION_SOUND_SELECT
                        0x00013a88    0x14  Code  Gb  User_on_msg.o [1]
On_MSG_OPTION_SOUND_VOL
                        0x00013a9c    0x3c  Code  Gb  User_on_msg.o [1]
On_MSG_OPTION_STATUS_CHANGE
                        0x00011dac   0x188  Code  Gb  User_on_msg.o [1]
On_MSG_OPTION_STRATEGY_OFF
                        0x00010ed8    0x18  Code  Gb  User_on_msg.o [1]
On_MSG_OPTION_STRATEGY_ON
                        0x00010ec0    0x18  Code  Gb  User_on_msg.o [1]
On_MSG_OPTION_SVRLINK_REQ
                        0x00011f48    0x50  Code  Gb  User_on_msg.o [1]
On_MSG_OPTION_TIMEACTIVE
                        0x00011f98   0x14c  Code  Gb  User_on_msg.o [1]
On_MSG_OPTION_TYJ_DIS_VGA
                        0x00013d7c    0x10  Code  Gb  User_on_msg.o [1]
On_MSG_OPTION_XCOM_SEND
                        0x000119b4    0xd0  Code  Gb  User_on_msg.o [1]
On_MSG_OPTION_YY_Teather
                        0x00013d24    0x58  Code  Gb  User_on_msg.o [1]
On_MSG_Power_OPTION     0x0001229c   0x184  Code  Gb  User_on_msg.o [1]
On_MSG_RepeatPower_OPTION
                        0x0001213c   0x160  Code  Gb  User_on_msg.o [1]
Option_init             0x00016fd8    0x98  Code  Gb  User_option.o [1]
PHYID                   0x40006782     0x2  Data  Gb  Hardware_int.o [1]
PINInit                 0x0001a34c    0x50  Code  Gb  io.o [1]
PLL_Init                0x00021274   0x10c  Code  Lc  target.o [1]
POWER_FLAG              0x4000676c     0x4  Data  Gb  User_power.o [1]
POWER_FLAG_STATE        0x40006770     0x4  Data  Gb  User_power.o [1]
POWER_Set               0x00019294   0x10c  Code  Gb  User_power.o [1]
POWER_init              0x0001914c    0xbc  Code  Gb  User_power.o [1]
POWER_msg_rev           0x0001a24c    0x2c  Code  Gb  User_power.o [1]
Power_Beep              0x0001a278    0xb8  Code  Gb  User_power.o [1]
Print_MSG_info          0x00018e30   0x218  Code  Gb  user_debug.o [1]
QXCOM                   0x40005754    0x2c  Data  Gb  User_XCOM.o [1]
QXCOM0_Sbuf             0x40005780    0x2c  Data  Gb  User_XCOM.o [1]
QXCOM1_Sbuf             0x400057ac    0x2c  Data  Gb  User_XCOM.o [1]
QXCOM2_Sbuf             0x400057d8    0x2c  Data  Gb  User_XCOM.o [1]
QXCOM3_Sbuf             0x40005804    0x2c  Data  Gb  User_XCOM.o [1]
QXCOM4_Sbuf             0x40005830    0x2c  Data  Gb  User_XCOM.o [1]
QXCOM5_Sbuf             0x4000585c    0x2c  Data  Gb  User_XCOM.o [1]
QXCOM8_Sbuf             0x40005888    0x2c  Data  Gb  User_XCOM.o [1]
QXCOM9_Sbuf             0x400058b4    0x2c  Data  Gb  User_XCOM.o [1]
QXCOM_rev               0x40005750     0x4  Data  Gb  User_XCOM.o [1]
REC_ARP_REQ             0x0001afa0    0x88  Code  Gb  ARP.o [1]
RFIC_K103_Mode          0x000224fc   0x3c8  Code  Gb  User_DW.o [1]
RF_CARD_Check           0x000228c4    0xd8  Code  Gb  User_DW.o [1]
RF_card_times           0x400065f4     0x4  Data  Lc  User_DW.o [1]
RTime                   0x400060a4     0x8  Data  Gb  RealTime.o [1]
RamToFlash              0x00016d04    0x44  Code  Gb  LP2368_FLASH.o [1]
Random                  0x00016ebc    0x54  Code  Gb  User_option.o [1]
ReadOneChar             0x00021d38    0x60  Code  Gb  18B20.o [1]
ReadOneTemperature      0x00021df8    0xa0  Code  Gb  18B20.o [1]
Read_IO                 0x00021cac    0x38  Code  Gb  18B20.o [1]
Read_PHY                0x00025d1c    0x54  Code  Gb  Hardware_int.o [1]
RealTime_Get            0x0001f9fc    0x64  Code  Gb  RealTime.o [1]
RealTime_Get_Minute     0x0001fa60    0x20  Code  Gb  RealTime.o [1]
RealTime_IRQ            0x0001faf8   0x108  Code  Gb  RealTime.o [1]
RealTime_Set            0x0001fc84    0x5c  Code  Gb  RealTime.o [1]
RealTime_init           0x0001fc00    0x84  Code  Gb  RealTime.o [1]
Rec_Packet              0x00025fd4    0x7c  Code  Gb  Hardware_int.o [1]
Region$$Table$$Base     0x0002a950           --   Gb  - Linker created -
Region$$Table$$Limit    0x0002a97c           --   Gb  - Linker created -
Reset                   0x00020f94    0x10  Code  Gb  target.o [1]
Reset_BootLoader        0x00021090    0x10  Code  Gb  target.o [1]
Reset_boot              0x40006798     0x4  Data  Gb  target.o [1]
Rev                     0x4000674c     0x8  Data  Gb  io.o [1]
Rtime_IRQFlag           0x0001fa80    0x78  Code  Gb  RealTime.o [1]
Run_Send_Flag           0x0001efd4     0xc  Code  Gb  User_Run.o [1]
SEL                     0x40000408     0x8  Data  Gb  PT2258.o [1]
SET_IO                  0x00021c50    0x5c  Code  Gb  18B20.o [1]
SOUND_DEVICE_Mute       0x00014090   0x1e8  Code  Gb  PT2258.o [1]
SPI_Init                0x00021640    0x1c  Code  Gb  SC16IS752.o [1]
SPI_read                0x00021680   0x110  Code  Gb  SC16IS752.o [1]
SPI_send                0x0002165c    0x24  Code  Gb  SC16IS752.o [1]
SPI_write               0x00021790   0x100  Code  Gb  SC16IS752.o [1]
SPI_writeData           0x00021890    0xc4  Code  Gb  SC16IS752.o [1]
SVC_STACK$$Base         0x40006aa8           --   Gb  - Linker created -
SVC_STACK$$Limit        0x40006ac8           --   Gb  - Linker created -
SelSector               0x00016cd0    0x34  Code  Gb  LP2368_FLASH.o [1]
Send_Packet             0x00025ea8   0x11c  Code  Gb  Hardware_int.o [1]
Send_State              0x000127f8    0x90  Code  Gb  User_on_msg.o [1]
SetAddress              0x0001c918    0x28  Code  Gb  PelcoD.o [1]
SetMacID                0x00025e70    0x38  Code  Gb  Hardware_int.o [1]
SetPowerDeltimemsg      0x000193a0    0x54  Code  Gb  User_power.o [1]
SetPrepositionCmd       0x0001d0b0    0x8c  Code  Gb  PelcoD.o [1]
SetVICIRQ               0x00020fa4    0x38  Code  Gb  target.o [1]
SoundVolumeControl      0x0001408c     0x4  Code  Gb  PT2258.o [1]
Sound_Close             0x0001c4bc   0x194  Code  Gb  Use_Sound.o [1]
Sound_Contrl            0x4000651c    0x78  Data  Gb  Use_Sound.o [1]
Sound_Echo_Contrl       0x0001c388    0x70  Code  Gb  Use_Sound.o [1]
Sound_Get_Play_No       0x0001c650    0xb0  Code  Gb  Use_Sound.o [1]
Sound_Open              0x0001c3f8    0xc4  Code  Gb  Use_Sound.o [1]
Sound_Save_PlayData     0x0001c700    0xc8  Code  Gb  Use_Sound.o [1]
SpiSendData             0x00014278    0x58  Code  Gb  PT2258.o [1]
SpiSendData1            0x000142d0    0x38  Code  Gb  PT2258.o [1]
State_8168              0x400067a1     0x1  Data  Gb  User_on_msg.o [1]
StopCmd                 0x0001cfc8    0x58  Code  Gb  PelcoD.o [1]
StopFocus               0x0001cf14    0x3c  Code  Gb  PelcoD.o [1]
StopPanTilt             0x0001cf8c    0x3c  Code  Gb  PelcoD.o [1]
StopZoom                0x0001cf50    0x3c  Code  Gb  PelcoD.o [1]
Str_Cmp                 0x00022378    0xd8  Code  Gb  lib_str.o [1]
Str_Len                 0x0002234c    0x2c  Code  Gb  lib_str.o [1]
TASK_RUN                0x0001f360   0x134  Code  Gb  User_Run.o [1]
TASK_RUN_stack          0x40003a8c   0x4b0  Data  Gb  main.o [1]
TASK_START              0x000295b4   0x3d8  Code  Gb  main.o [1]
TASK_START_stack        0x40002f9c   0x640  Data  Gb  main.o [1]
TASK_TABLE              0x400062c0    0xf4  Data  Gb  User_option.o [1]
TASK_UART               0x0001e81c   0x194  Code  Gb  User_XCOM.o [1]
TASK_UART0Send          0x0001e3b0    0x60  Code  Gb  User_XCOM.o [1]
TASK_UART0Send_stack    0x40003f3c   0x190  Data  Gb  main.o [1]
TASK_UART1Send          0x0001e410    0x60  Code  Gb  User_XCOM.o [1]
TASK_UART1Send_stack    0x400040cc   0x190  Data  Gb  main.o [1]
TASK_UART2Send          0x0001e470    0x60  Code  Gb  User_XCOM.o [1]
TASK_UART2Send_stack    0x4000425c   0x190  Data  Gb  main.o [1]
TASK_UART3Send          0x0001e4d0    0x60  Code  Gb  User_XCOM.o [1]
TASK_UART3Send_stack    0x400043ec   0x190  Data  Gb  main.o [1]
TASK_UART4Send          0x0001e530    0xbc  Code  Gb  User_XCOM.o [1]
TASK_UART4Send_stack    0x4000457c   0x190  Data  Gb  main.o [1]
TASK_UART5Send          0x0001e5ec    0xb4  Code  Gb  User_XCOM.o [1]
TASK_UART5Send_stack    0x4000470c   0x2d0  Data  Gb  main.o [1]
TASK_UART8Send          0x0001e6a0    0xbc  Code  Gb  User_XCOM.o [1]
TASK_UART8Send_stack    0x400049dc   0x2d0  Data  Gb  main.o [1]
TASK_UART9Send          0x0001e75c    0xbc  Code  Gb  User_XCOM.o [1]
TASK_UART9Send_stack    0x40004cac   0x2d0  Data  Gb  main.o [1]
TASK_UART_stack         0x400035dc   0x4b0  Data  Gb  main.o [1]
TB_REC_UnFreez          0x000208e8    0x78  Code  Gb  User_TB.o [1]
TB_Read_Csingle         0x000207c4    0x40  Code  Gb  User_TB.o [1]
TB_Read_state           0x00020804    0x40  Code  Gb  User_TB.o [1]
TB_SelectAV             0x00020894    0x4c  Code  Gb  User_TB.o [1]
TB_SelectVGA            0x00020844    0x50  Code  Gb  User_TB.o [1]
TB_SingleChage          0x000207a4    0x20  Code  Gb  User_TB.o [1]
TMS320AIC23_Reg_Write   0x0001c7fc    0x74  Code  Gb  TMS320AIC23.o [1]
TMS320AIC23_Set_Vol     0x0001c870    0xa8  Code  Gb  TMS320AIC23.o [1]
TargetInit              0x00021050    0x40  Code  Gb  target.o [1]
TargetResetInit         0x00021380    0x34  Code  Gb  target.o [1]
Task_Rec_Del            0x00017d9c    0xd4  Code  Gb  User_option.o [1]
Task_Rec_Find           0x00017e70    0x84  Code  Gb  User_option.o [1]
Task_Run_Delay          0x00017efc    0xf4  Code  Gb  User_option.o [1]
Temperaturepro          0x00021e98    0xac  Code  Gb  18B20.o [1]
Timer2Init              0x00020ff0    0x60  Code  Gb  target.o [1]
Timer2_Exception        0x00020fdc    0x14  Code  Gb  target.o [1]
Timer3Init              0x0001a494    0x48  Code  Gb  io.o [1]
Timer3_Exception        0x0001a4dc    0x38  Code  Gb  io.o [1]
TurnDownCmd             0x0001cb18    0x90  Code  Gb  PelcoD.o [1]
TurnLeftCmd             0x0001ca00    0x8c  Code  Gb  PelcoD.o [1]
TurnLeftDownCmd         0x0001cd70    0x8c  Code  Gb  PelcoD.o [1]
TurnLeftUpCmd           0x0001cce8    0x88  Code  Gb  PelcoD.o [1]
TurnRightCmd            0x0001c974    0x8c  Code  Gb  PelcoD.o [1]
TurnRightDownCmd        0x0001ce88    0x8c  Code  Gb  PelcoD.o [1]
TurnRightUpCmd          0x0001cdfc    0x8c  Code  Gb  PelcoD.o [1]
TurnUpCmd               0x0001ca8c    0x8c  Code  Gb  PelcoD.o [1]
UART0_Exception         0x000243b0    0x4c  Code  Gb  uart.o [1]
UART1_Exception         0x00024400    0x4c  Code  Gb  uart.o [1]
UART2_Exception         0x0002444c    0x4c  Code  Gb  uart.o [1]
UART3_Exception         0x00024498    0x4c  Code  Gb  uart.o [1]
UART_REV                0x00023eec   0x28c  Code  Gb  uart.o [1]
UART_Send_Data          0x00023448   0x788  Code  Gb  uart.o [1]
UART_TEST               0x0001efe0   0x114  Code  Gb  User_Run.o [1]
UART_Write              0x0001e2f4    0xbc  Code  Gb  User_XCOM.o [1]
UART_init               0x000244e4    0x80  Code  Gb  uart.o [1]
UART_printf             0x00018c00    0x80  Code  Gb  user_debug.o [1]
UART_set_bps            0x000232d0   0x178  Code  Gb  uart.o [1]
UDP_ReceivePacket       0x00022a2c   0x204  Code  Gb  Udp.o [1]
UDP_Send_ACK            0x0001b3f0    0xb0  Code  Gb  User_udp.o [1]
UDP_Send_CMD            0x0001b210   0x1e0  Code  Gb  User_udp.o [1]
UDP_msg_rev             0x0001b4a0    0xd4  Code  Gb  User_udp.o [1]
UND_STACK$$Base         0x40006dd8           --   Gb  - Linker created -
UND_STACK$$Limit        0x40006de8           --   Gb  - Linker created -
Udp_SendPacked          0x00022c34   0x108  Code  Gb  Udp.o [1]
User_ID_Read            0x000172e4   0x160  Code  Gb  User_option.o [1]
User_Option             0x000180fc   0x8f0  Code  Gb  User_option.o [1]
User_mem_allco          0x0001f57c    0x90  Code  Gb  user_mem.o [1]
User_mem_free           0x0001f60c    0x94  Code  Gb  user_mem.o [1]
User_mem_init           0x0001f534    0x48  Code  Gb  user_mem.o [1]
VGA_BUF                 0x40006740     0xc  Data  Gb  CD22M3494.o [1]
VGA_Select              0x0001ff18   0x6dc  Code  Gb  CD22M3494.o [1]
VIC_Init                0x00020f48    0x4c  Code  Gb  target.o [1]
ViscaCount              0x400067a0     0x1  Data  Lc  User_on_msg.o [1]
WriteOneChar            0x00021d98    0x60  Code  Gb  18B20.o [1]
Write_PHY               0x00025cd8    0x44  Code  Gb  Hardware_int.o [1]
XCOM_DEV_Read           0x00023c54   0x264  Code  Gb  uart.o [1]
XCOM_DYX                0x0001d8e0    0x98  Code  Gb  User_XCOM.o [1]
XCOM_Data_Read          0x0001d4e0    0xd4  Code  Gb  User_XCOM.o [1]
XCOM_Data_send          0x0001d390   0x150  Code  Gb  User_XCOM.o [1]
XCOM_ICREADER           0x0001e26c     0x4  Code  Gb  User_XCOM.o [1]
XCOM_MB                 0x0001d83c    0xa4  Code  Gb  User_XCOM.o [1]
XCOM_PORT               0x400054a8   0x2a8  Data  Gb  User_XCOM.o [1]
XCOM_Q_Send             0x0001e270    0x84  Code  Gb  User_XCOM.o [1]
XCOM_Return             0x0001d978    0xc8  Code  Gb  User_XCOM.o [1]
XCOM_SCAMERA            0x0001da40   0x408  Code  Gb  User_XCOM.o [1]
XCOM_SCAMERA1           0x0001de4c   0x420  Code  Gb  User_XCOM.o [1]
XCOM_Send_ACK           0x0001d7cc    0x70  Code  Gb  User_XCOM.o [1]
XCOM_Wait_Ack           0x0001d2b4    0x3c  Code  Gb  User_XCOM.o [1]
XCOM_init               0x0001d600   0x1cc  Code  Gb  User_XCOM.o [1]
Xcom_set                0x0001d5b4    0x4c  Code  Gb  User_XCOM.o [1]
Xcom_sum                0x0001d2f0    0x3c  Code  Gb  User_XCOM.o [1]
ZoomInCmd               0x0001cba8    0xa0  Code  Gb  PelcoD.o [1]
ZoomOutCmd              0x0001cc48    0xa0  Code  Gb  PelcoD.o [1]
_GenldFull              0x00027838   0x3d4  Code  Lc  xprintffull.o [3]
_K103_sum_check         0x00022450    0x34  Code  Lc  User_DW.o [1]
_LdtobFull              0x00027170   0x6bc  Code  Lc  xprintffull.o [3]
_LitobFull              0x00026fb8   0x1b8  Code  Lc  xprintffull.o [3]
_PrintfFull             0x000265b0   0x940  Code  Gb  xprintffull.o [3]
_PutcharsFull           0x00027c0c    0x60  Code  Lc  xprintffull.o [3]
_SProut                 0x0002a9d8    0x14  Code  Gb  xsprout.o [3]
__aeabi_cdcmple         0x00028648          Code  Gb  DblCmpLe.o [4]
__aeabi_cdrcmple        0x00028680          Code  Gb  DblCmpGe.o [4]
__aeabi_d2f             0x00025870          Code  Gb  DblToFlt.o [4]
__aeabi_d2iz            0x00025c08          Code  Gb  DblToS32.o [4]
__aeabi_d2uiz           0x00028bd0          Code  Gb  DblToU32.o [4]
__aeabi_dadd            0x00025ac8          Code  Gb  DblAdd.o [4]
__aeabi_ddiv            0x00028898          Code  Gb  DblDiv.o [4]
__aeabi_dmul            0x00025678          Code  Gb  DblMul.o [4]
__aeabi_dsub            0x00027fc8          Code  Gb  DblSub.o [4]
__aeabi_f2d             0x00025a64          Code  Gb  FltToDbl.o [4]
__aeabi_fmul            0x0002591c          Code  Gb  FltMul.o [4]
__aeabi_i2d             0x00025618          Code  Gb  S32ToDbl.o [4]
__aeabi_idiv            0x00022ddc          Code  Gb  I32DivMod.o [5]
__aeabi_idiv0           0x00027cb0          Code  Gb  IntDivZer.o [5]
__aeabi_idivmod         0x00022ddc          Code  Gb  I32DivMod.o [5]
__aeabi_ldiv0           0x00028d20          Code  Gb  I64DivZer.o [5]
__aeabi_memclr4         0x0002097c          Code  Gb  ABImemclr4.o [5]
__aeabi_memcpy          0x00016dcc          Code  Gb  ABImemcpy.o [5]
__aeabi_memcpy4         0x00016df0          Code  Gb  ABImemcpy.o [5]
__aeabi_memcpy8         0x00016df0          Code  Gb  ABImemcpy.o [5]
__aeabi_memset          0x0001f6a4          Code  Gb  ABImemset.o [5]
__aeabi_memset4         0x0001c340          Code  Gb  ABImemset48.o [5]
__aeabi_memset8         0x0001c340          Code  Gb  ABImemset48.o [5]
__aeabi_ui2d            0x00028c0c          Code  Gb  U32ToDbl.o [4]
__aeabi_uidiv           0x00022e0c          Code  Gb  I32DivMod.o [5]
__aeabi_uidivmod        0x00022e0c          Code  Gb  I32DivMod.o [5]
__aeabi_uldivmod        0x000284f8          Code  Gb  I64DivMod.o [5]
__cmain                 0x0002a8e8          Code  Gb  cmain.o [5]
__exit                  0x0002a598          Code  Gb  XXexit.o [5]
__iar_Dnorm             0x000285cc    0x7c  Code  Gb  xdnorm.o [4]
__iar_Dscale            0x000286b8   0x1e0  Code  Gb  xdscale.o [4]
__iar_Memchr            0x00028464          Code  Gb  memchr.o [5]
__iar_Memset            0x0001f6a4          Code  Gb  ABImemset.o [5]
__iar_Memset4_word      0x0001c34c          Code  Gb  ABImemset48.o [5]
__iar_Memset8_word      0x0001c34c          Code  Gb  ABImemset48.o [5]
__iar_Memset_word       0x0001f6b0          Code  Gb  ABImemset.o [5]
__iar_Strchr            0x00028444          Code  Gb  strchr.o [5]
__iar_SubNrm            0x00025a38          Code  Gb  FltMul.o [4]
__iar_dadd              0x00025ad8          Code  Gb  DblAdd.o [4]
__iar_data_init3        0x0002a879    0x30  Code  Gb  data_init.o [5]
__iar_dsub              0x00027fd8          Code  Gb  DblSub.o [4]
__iar_dsubStart         0x00027ff8          Code  Gb  DblSub.o [4]
__iar_i2d               0x0002562c          Code  Gb  S32ToDbl.o [4]
__iar_packbits_init3    0x0002a4cf    0xbc  Code  Gb  packbits_init.o [5]
__iar_program_start     0x0002a714          Code  Gb  cstartup.o [1]
__iar_zero_init3        0x00027c87    0x2a  Code  Gb  zero_init3.o [5]
__mem256                0x4000042c  0x1400  Data  Gb  user_mem.o [1]
__mem512                0x4000182c  0x1770  Data  Gb  user_mem.o [1]
__pm256                 0x40000424     0x4  Data  Gb  user_mem.o [1]
__pm512                 0x40000428     0x4  Data  Gb  user_mem.o [1]
__vector                0x00010000          Code  Gb  cstartup.o [1]
_call_main              0x0002a8fc          Code  Gb  cmain.o [5]
_exit                   0x0002a918          Code  Gb  cexit.o [5]
_ic_find_syn            0x00022484    0x78  Code  Lc  User_DW.o [1]
_main                   0x0002a904          Code  Gb  cmain.o [5]
a                       0x40006780     0x1  Data  Gb  18B20.o [1]
abort                   0x0002a590     0x8  Code  Gb  abort.o [3]
aic23_delay             0x0001c7d8    0x24  Code  Gb  TMS320AIC23.o [1]
b                       0x40006781     0x1  Data  Gb  18B20.o [1]
baktime                 0x400060ac     0x8  Data  Gb  RealTime.o [1]
buf                     0x40006754     0x4  Data  Gb  io.o [1]
def_classname           0x0002a470     0xc  Data  Gb  User_option.o [1]
def_gateip              0x0002a4a8     0x4  Data  Gb  User_option.o [1]
def_housename           0x0002a490    0x10  Data  Gb  User_option.o [1]
def_ip                  0x0002a4a0     0x4  Data  Gb  User_option.o [1]
def_mark                0x0002a4a4     0x4  Data  Gb  User_option.o [1]
def_schoolname          0x0002a47c    0x14  Data  Gb  User_option.o [1]
delay                   0x00021c18    0x38  Code  Gb  18B20.o [1]
div                     0x00028c1c    0x38  Code  Gb  div.o [3]
exit                    0x0002a914     0x4  Code  Gb  exit.o [3]
gClassT                 0x400060b4   0x104  Data  Gb  RealTime.o [1]
gDCS                    0x400000c4     0x4  Data  Gb  User_option.o [1]
gDeviceStatus           0x40000040    0x48  Data  Gb  User_option.o [1]
gDeviceTable            0x40000088    0x38  Data  Gb  User_option.o [1]
gLMT_Power              0x4000670c     0x8  Data  Gb  User_Run.o [1]
gPC_power               0x40006714     0x8  Data  Gb  User_Run.o [1]
gRF                     0x40006594    0x1c  Data  Gb  User_DW.o [1]
gRFIC                   0x400065b0    0x44  Data  Gb  User_DW.o [1]
gSYS_Fcclk              0x40006764     0x4  Data  Gb  target.o [1]
gSYS_Fpclk              0x40006768     0x4  Data  Gb  target.o [1]
gStat_Rec               0x40000124   0x14c  Data  Gb  User_option.o [1]
gTB_State               0x40006758     0xc  Data  Gb  User_TB.o [1]
gTB_VGAChage            0x0002a9ec     0x8  Data  Gb  User_TB.o [1]
gTB_VideoChage          0x0002a9f4     0x8  Data  Gb  User_TB.o [1]
gYXJ                    0x400065f8     0x4  Data  Gb  User_DW.o [1]
key_init                0x00014b90   0x2c8  Code  Gb  Use_key.o [1]
key_msg_rev             0x00016ac4    0xa4  Code  Gb  Use_key.o [1]
main                    0x00029460   0x154  Code  Gb  main.o [1]
memchr                  0x00028464          Code  Gb  memchr.o [5]
on_MSG_OPTION_IP_HPVol  0x000109c8    0x28  Code  Gb  User_on_msg.o [1]
on_MSG_OPTION_IP_MICVol
                        0x000109a0    0x28  Code  Gb  User_on_msg.o [1]
on_MSG_OPTION_TB_ReqStatus
                        0x00014064    0x14  Code  Gb  User_on_msg.o [1]
pDGB_XCOM               0x4000679c     0x4  Data  Gb  user_debug.o [1]
pPelcodData             0x40006704     0x8  Data  Gb  PelcoD.o [1]
pViscaData              0x400066f8     0xc  Data  Gb  PelcoD.o [1]
paramin                 0x40006644    0x20  Data  Gb  LP2368_FLASH.o [1]
paramout                0x40006668    0x20  Data  Gb  LP2368_FLASH.o [1]
power_ostr              0x0002a2ac    0x20  Data  Gb  User_power.o [1]
power_str               0x0002a2cc    0x84  Data  Gb  User_power.o [1]
set_IS752_bps           0x00021ac8   0x150  Code  Gb  SC16IS752.o [1]
strchr                  0x00028444          Code  Gb  strchr.o [5]
strcpy                  0x000222e0          Code  Gb  strcpy.o [5]
strlen                  0x00022d88          Code  Gb  strlen.o [5]
sum_check               0x00023eb8    0x34  Code  Gb  uart.o [1]
swap_int16              0x00026220    0x14  Code  Gb  Hardware_int.o [1]
tempbuf                 0x40006784     0x4  Data  Gb  18B20.o [1]
tep                     0x4000677c     0x4  Data  Gb  18B20.o [1]
tyjcounterFlagOFF       0x4000678b     0x1  Data  Gb  io.o [1]
tyjcounterFlagON        0x4000678a     0x1  Data  Gb  io.o [1]
tyjcounterOFF           0x40006789     0x1  Data  Gb  io.o [1]
tyjcounterON            0x40006788     0x1  Data  Gb  io.o [1]
uart_Debug_init         0x00018b7c    0x5c  Code  Gb  user_debug.o [1]
vsprintf                0x00022d3c    0x4c  Code  Gb  vsprintf.o [3]


[1] = E:\able\中控11.23\bp\EvalBoards\NXP\MCB2300\IAR\LSZHV20\Release\Obj
[2] = command line
[3] = dl4t_aln.a
[4] = m4t_al.a
[5] = rt4t_al.a

  103 708 bytes of readonly  code memory
    5 503 bytes of readonly  data memory
   28 450 bytes of readwrite data memory

Errors: none
Warnings: none
